ok  	sidekick/llm2	13.218s
